  Game.cpp
C:\Users\harve\Desktop\Uni\Multiplayer\online-cpp-game\Multiplayer\Game.cpp(37,21): warning C4244: 'argument': conversion from 'int' to 'float', possible loss of data
C:\Users\harve\Desktop\Uni\Multiplayer\online-cpp-game\Multiplayer\Game.cpp(36,21): warning C4244: 'argument': conversion from 'int' to 'float', possible loss of data
C:\Program Files\Microsoft Visual Studio\2022\Community\VC\Tools\MSVC\14.36.32532\include\utility(247,16): warning C4244: 'initializing': conversion from 'float' to '_Ty1', possible loss of data
          with
          [
              _Ty1=int
          ]
C:\Users\harve\Desktop\Uni\Multiplayer\online-cpp-game\Multiplayer\Game.cpp(70,38): message : see reference to function template instantiation 'std::pair<int,int>::pair<float&,float&,0>(_Other1,_Other2) noexcept' being compiled
          with
          [
              _Other1=float &,
              _Other2=float &
          ]
C:\Users\harve\Desktop\Uni\Multiplayer\online-cpp-game\Multiplayer\Game.cpp(70,36): message : see the first reference to 'std::pair<int,int>::pair' in 'Game::on_receive'
C:\Program Files\Microsoft Visual Studio\2022\Community\VC\Tools\MSVC\14.36.32532\include\utility(247,54): warning C4244: 'initializing': conversion from 'float' to '_Ty2', possible loss of data
          with
          [
              _Ty2=int
          ]
  GameObjects.cpp
C:\Users\harve\Desktop\Uni\Multiplayer\online-cpp-game\Multiplayer\GameObjects.cpp(8,15): warning C4244: '=': conversion from 'float' to 'int', possible loss of data
C:\Users\harve\Desktop\Uni\Multiplayer\online-cpp-game\Multiplayer\GameObjects.cpp(9,15): warning C4244: '=': conversion from 'float' to 'int', possible loss of data
C:\Users\harve\Desktop\Uni\Multiplayer\online-cpp-game\Multiplayer\GameObjects.cpp(40,11): warning C4244: '=': conversion from 'int' to 'float', possible loss of data
C:\Users\harve\Desktop\Uni\Multiplayer\online-cpp-game\Multiplayer\GameObjects.cpp(41,11): warning C4244: '=': conversion from 'int' to 'float', possible loss of data
C:\Users\harve\Desktop\Uni\Multiplayer\online-cpp-game\Multiplayer\GameObjects.cpp(73,17): warning C4244: 'initializing': conversion from 'double' to 'float', possible loss of data
  main.cpp
C:\Users\harve\Desktop\Uni\Multiplayer\online-cpp-game\Multiplayer\main.cpp(70,59): warning C4267: 'argument': conversion from 'size_t' to 'int', possible loss of data
C:\Users\harve\Desktop\Uni\Multiplayer\online-cpp-game\Multiplayer\main.cpp(112,16): warning C4244: 'argument': conversion from 'int' to 'float', possible loss of data
C:\Users\harve\Desktop\Uni\Multiplayer\online-cpp-game\Multiplayer\main.cpp(124,32): warning C4244: '=': conversion from 'Uint64' to 'int', possible loss of data
  Generating Code...
  Multiplayer.vcxproj -> C:\Users\harve\Desktop\Uni\Multiplayer\online-cpp-game\Multiplayer\x64\Debug\Multiplayer.exe
